-hide_banner
-nostdin
-y
-loglevel
error
-progress
pipe:1
-nostats
-protocol_whitelist
file,pipe
-hwaccel
cuda
-i
/scratch/v1/source
-filter_complex
[0:v:0]scale=640:360,fps=30000/1001,format=yuv420p,setsar=1[v0]
-map
[v0]
-map
0:a:0
-map_metadata
-1
-map_chapters
-1
-c:v
h264_nvenc
-profile:v
high
-preset
p5
-tune
hq
-rc
vbr
-spatial-aq
1
-bf
3
-no-scenecut
1
-forced-idr
1
-b:v:0
786k
-maxrate:v:0
841k
-bufsize:v:0
1179k
-force_key_frames
expr:gte(t,n_forced*2)
-c:a
aac
-b:a
128k
-ar
48000
-ac
2
-f
hls
-hls_time
4
-hls_playlist_type
vod
-hls_segment_type
fmp4
-hls_flags
independent_segments
-hls_fmp4_init_filename
init.mp4
-hls_segment_filename
/scratch/v1/out/hls/%v/seg_%05d.m4s
-master_pl_name
master.m3u8
-var_stream_map
v:0,a:0,name:360p
/scratch/v1/out/hls/%v/index.m3u8
