-hide_banner
-nostdin
-y
-loglevel
error
-progress
pipe:1
-nostats
-protocol_whitelist
file,pipe
-hwaccel
cuda
-i
/scratch/v1/source
-filter_complex
[0:v:0]split=3[s0][s1][s2];[s0]scale=1920:1080,fps=30000/1001,format=yuv420p,setsar=1[v0];[s1]scale=1280:720,fps=30000/1001,format=yuv420p,setsar=1[v1];[s2]scale=854:480,fps=30000/1001,format=yuv420p,setsar=1[v2]
-map
[v0]
-map
[v1]
-map
[v2]
-map
0:a:0
-map
0:a:0
-map
0:a:0
-map_metadata
-1
-map_chapters
-1
-c:v
h264_nvenc
-profile:v
high
-preset
p5
-tune
hq
-rc
vbr
-spatial-aq
1
-bf
3
-no-scenecut
1
-forced-idr
1
-b:v:0
5000k
-maxrate:v:0
5350k
-bufsize:v:0
7500k
-b:v:1
2800k
-maxrate:v:1
2996k
-bufsize:v:1
4200k
-b:v:2
1400k
-maxrate:v:2
1498k
-bufsize:v:2
2100k
-force_key_frames
expr:gte(t,n_forced*2)
-c:a
aac
-b:a
128k
-ar
48000
-ac
2
-f
hls
-hls_time
4
-hls_playlist_type
vod
-hls_segment_type
fmp4
-hls_flags
independent_segments+temp_file
-hls_fmp4_init_filename
init.mp4
-hls_segment_filename
/scratch/v1/out/hls/%v/seg_%05d.m4s
-master_pl_name
master.m3u8
-var_stream_map
v:0,a:0,name:1080p v:1,a:1,name:720p v:2,a:2,name:480p
/scratch/v1/out/hls/%v/index.m3u8
